// Jest Snapshot v1, https://goo.gl/fbAQLP

exports[`renders 1`] = `
<div
  className="card"
>
  <div
    className="card--close-button-container"
  >
    <button
      className="card--close-button"
      onClick={[Function]}
    >
      <svg>
        close.svg
      </svg>
    </button>
  </div>
  <p
    className="card--updated-time"
  >
    UPDATED
     
    2 DAYS
     
    AGO
  </p>
  <h3>
    Salford Eccles
  </h3>
  <p
    className="card--city"
  >
    in 
    Manchester
    , United Kingdom
  </p>
  <b>
    Values:
     
    PM10: 13
  </b>
</div>
`;
